[INFO] Scanning for projects...
[INFO] ------------------------------------------------------------------------
[INFO] Reactor Build Order:
[INFO] 
[INFO] Smart Document Parent                                              [pom]
[INFO] LLM Client                                                         [jar]
[INFO] Document Engine                                                    [jar]
[INFO] 
[INFO] --------------------< com.example:smart-doc-parent >--------------------
[INFO] Building Smart Document Parent 1.0.0                               [1/3]
[INFO]   from pom.xml
[INFO] --------------------------------[ pom ]---------------------------------
[INFO] 
[INFO] -----------------------< com.example:llm-client >-----------------------
[INFO] Building LLM Client 1.0.0                                          [2/3]
[INFO]   from llm-client\pom.xml
[INFO] --------------------------------[ jar ]---------------------------------
[INFO] 
[INFO] --- resources:3.3.1:resources (default-resources) @ llm-client ---
[INFO] skip non existing resourceDirectory C:\workspace\java\demo\demo\smart-doc-parent\llm-client\src\main\resources
[INFO] 
[INFO] --- compiler:3.11.0:compile (default-compile) @ llm-client ---
[INFO] Nothing to compile - all classes are up to date
[INFO] 
[INFO] -----------------------< com.example:doc-engine >-----------------------
[INFO] Building Document Engine 1.0.0                                     [3/3]
[INFO]   from doc-engine\pom.xml
[INFO] --------------------------------[ jar ]---------------------------------
[INFO] 
[INFO] --- resources:3.3.1:resources (default-resources) @ doc-engine ---
[INFO] Copying 16 resources from src\main\resources to target\classes
[INFO] 
[INFO] --- compiler:3.11.0:compile (default-compile) @ doc-engine ---
[INFO] Changes detected - recompiling the module! :source
[INFO] Compiling 7 source files with javac [debug deprecation target 1.8] to target\classes
[INFO] -------------------------------------------------------------
[ERROR] COMPILATION ERROR : 
[INFO] -------------------------------------------------------------
[ERROR] /C:/workspace/java/demo/demo/smart-doc-parent/doc-engine/src/main/java/com/example/docgen/service/DocumentBuilderService.java:[162,13] 找不到符号
  符号:   方法 removeAllArrays()
  位置: 类型为org.openxmlformats.schemas.wordprocessingml.x2006.main.CTBody的变量 body
[INFO] 1 error
[INFO] -------------------------------------------------------------
[INFO] ------------------------------------------------------------------------
[INFO] Reactor Summary for Smart Document Parent 1.0.0:
[INFO] 
[INFO] Smart Document Parent .............................. SUCCESS [  0.002 s]
[INFO] LLM Client ......................................... SUCCESS [  0.226 s]
[INFO] Document Engine .................................... FAILURE [  0.948 s]
[INFO] ------------------------------------------------------------------------
[INFO] BUILD FAILURE
[INFO] ------------------------------------------------------------------------
[INFO] Total time:  1.297 s
[INFO] Finished at: 2026-03-27T15:54:24+08:00
[INFO] ------------------------------------------------------------------------
[ERROR] Failed to execute goal org.apache.maven.plugins:maven-compiler-plugin:3.11.0:compile (default-compile) on project doc-engine: Compilation failure
[ERROR] /C:/workspace/java/demo/demo/smart-doc-parent/doc-engine/src/main/java/com/example/docgen/service/DocumentBuilderService.java:[162,13] 找不到符号
[ERROR]   符号:   方法 removeAllArrays()
[ERROR]   位置: 类型为org.openxmlformats.schemas.wordprocessingml.x2006.main.CTBody的变量 body
[ERROR] 
[ERROR] -> [Help 1]
[ERROR] 
[ERROR] To see the full stack trace of the errors, re-run Maven with the -e switch.
[ERROR] Re-run Maven using the -X switch to enable full debug logging.
[ERROR] 
[ERROR] For more information about the errors and possible solutions, please read the following articles:
[ERROR] [Help 1] http://cwiki.apache.org/confluence/display/MAVEN/MojoFailureException
[ERROR] 
[ERROR] After correcting the problems, you can resume the build with the command
[ERROR]   mvn <args> -rf :doc-engine
